// Jest Snapshot v1, https://goo.gl/fbAQLP

exports[`Footer.vue Footer exist 1`] = `
<footer
  class="footer-container"
>
  <div
    class="footer-block"
  >
    <footer-icons-stub />
    <text-field-stub
      text=""
    />
  </div>
</footer>
`;
